=== CURRICULUM LOGGING STARTED ===
Timestamp: 20250722_151225
Log file: ./train_dir/curriculum_gate_navigation_20250722_151225.log
[2025-07-22 15:12:25] [INIT] Multi-aspect curriculum initialized at level 3
[2025-07-22 15:13:20] [CURRICULUM UPDATE] EVALUATING curriculum after 128 instances:
[2025-07-22 15:13:20] [CURRICULUM UPDATE]   Success rate: 0.000
[2025-07-22 15:13:20] [CURRICULUM UPDATE]   Crash rate: 1.000
[2025-07-22 15:13:20] [CURRICULUM UPDATE]   Timeout rate: 0.000
[2025-07-22 15:13:20] [CURRICULUM UPDATE]   Current level: 3 (max reached: 3)
[2025-07-22 15:13:20] [CURRICULUM UPDATE]   Threshold for increase: >0.500 (NO DECREASE POLICY)
[2025-07-22 15:13:20] [CURRICULUM UPDATE] LEVEL UNCHANGED: 3 (success rate 0.000 <= threshold, no decrease allowed)
[2025-07-22 15:13:20] [CRITICAL FIX] Asset manager updated - changes will apply on next environment reset
[2025-07-22 15:13:20] [CAMERA UPDATE] Camera max angle updated for NEW episodes: ±0.0° (existing episodes unchanged)
[2025-07-22 15:13:20] Gate Navigation Curriculum Level: 3, Progress: 0.000
[2025-07-22 15:13:20] 
Success Rate: 0.000
Crash Rate: 1.000
Timeout Rate: 0.000
[2025-07-22 15:13:20] 
CURRICULUM APPLIED:
[2025-07-22 15:13:20]    1. OBSTACLES: 3 behind gate (total assets: 10 = 7 fixed + 3 curriculum)
[2025-07-22 15:13:20]    2. SPAWN: Using LMF2 config with ±0.5m lateral, ±45° orientation (no curriculum dependency)
[2025-07-22 15:13:20]    3. CAMERA ANGLE: ±0.0deg max range, env0: 0.0deg (fixed per episode)
[2025-07-22 15:13:20]    5. CAMERA NOISE: Gaussian STD=0.0000, Dropout=0.0% (both drone & static)
[2025-07-22 15:13:20] [CURRICULUM UPDATE] FINAL STATE:
[2025-07-22 15:13:20] [CURRICULUM UPDATE]   Level: 3 (range: 3-23)
[2025-07-22 15:13:20] [CURRICULUM UPDATE]   Max level reached: 3 (NO-DECREASE POLICY)
[2025-07-22 15:13:20] [CURRICULUM UPDATE]   Progress: 0.000
[2025-07-22 15:13:20] [CURRICULUM UPDATE]   Obstacles behind gate: 3 (total assets: 10 = 7 fixed + 3 curriculum)
[2025-07-22 15:13:20] [CURRICULUM UPDATE]   Asset manager: Updated both obs_dict and global_tensor_dict with count 10
[2025-07-22 15:13:20] [CURRICULUM UPDATE]   Spawn difficulty: LMF2 config with ±0.5m lateral, ±45° orientation (no curriculum dependency)
[2025-07-22 15:13:20] [CURRICULUM UPDATE]   Camera angle: ±0.0deg max range (randomized per episode reset, fixed during episode)
[2025-07-22 15:13:20] [CURRICULUM UPDATE] RESETTING counters for next evaluation period
[2025-07-22 15:13:57] [CURRICULUM UPDATE] EVALUATING curriculum after 128 instances:
[2025-07-22 15:13:57] [CURRICULUM UPDATE]   Success rate: 0.000
[2025-07-22 15:13:57] [CURRICULUM UPDATE]   Crash rate: 1.000
[2025-07-22 15:13:57] [CURRICULUM UPDATE]   Timeout rate: 0.000
[2025-07-22 15:13:57] [CURRICULUM UPDATE]   Current level: 3 (max reached: 3)
[2025-07-22 15:13:57] [CURRICULUM UPDATE]   Threshold for increase: >0.500 (NO DECREASE POLICY)
[2025-07-22 15:13:57] [CURRICULUM UPDATE] LEVEL UNCHANGED: 3 (success rate 0.000 <= threshold, no decrease allowed)
[2025-07-22 15:13:57] [CRITICAL FIX] Asset manager updated - changes will apply on next environment reset
[2025-07-22 15:13:57] [CAMERA UPDATE] Camera max angle updated for NEW episodes: ±0.0° (existing episodes unchanged)
[2025-07-22 15:13:57] Gate Navigation Curriculum Level: 3, Progress: 0.000
[2025-07-22 15:13:57] 
Success Rate: 0.000
Crash Rate: 1.000
Timeout Rate: 0.000
[2025-07-22 15:13:57] 
CURRICULUM APPLIED:
[2025-07-22 15:13:57]    1. OBSTACLES: 3 behind gate (total assets: 10 = 7 fixed + 3 curriculum)
[2025-07-22 15:13:57]    2. SPAWN: Using LMF2 config with ±0.5m lateral, ±45° orientation (no curriculum dependency)
[2025-07-22 15:13:57]    3. CAMERA ANGLE: ±0.0deg max range, env0: 0.0deg (fixed per episode)
[2025-07-22 15:13:57]    5. CAMERA NOISE: Gaussian STD=0.0000, Dropout=0.0% (both drone & static)
[2025-07-22 15:13:57] [CURRICULUM UPDATE] FINAL STATE:
[2025-07-22 15:13:57] [CURRICULUM UPDATE]   Level: 3 (range: 3-23)
[2025-07-22 15:13:57] [CURRICULUM UPDATE]   Max level reached: 3 (NO-DECREASE POLICY)
[2025-07-22 15:13:57] [CURRICULUM UPDATE]   Progress: 0.000
[2025-07-22 15:13:57] [CURRICULUM UPDATE]   Obstacles behind gate: 3 (total assets: 10 = 7 fixed + 3 curriculum)
[2025-07-22 15:13:57] [CURRICULUM UPDATE]   Asset manager: Updated both obs_dict and global_tensor_dict with count 10
[2025-07-22 15:13:57] [CURRICULUM UPDATE]   Spawn difficulty: LMF2 config with ±0.5m lateral, ±45° orientation (no curriculum dependency)
[2025-07-22 15:13:57] [CURRICULUM UPDATE]   Camera angle: ±0.0deg max range (randomized per episode reset, fixed during episode)
[2025-07-22 15:13:57] [CURRICULUM UPDATE] RESETTING counters for next evaluation period
[2025-07-22 15:14:36] [CURRICULUM UPDATE] EVALUATING curriculum after 128 instances:
[2025-07-22 15:14:36] [CURRICULUM UPDATE]   Success rate: 0.000
[2025-07-22 15:14:36] [CURRICULUM UPDATE]   Crash rate: 1.000
[2025-07-22 15:14:36] [CURRICULUM UPDATE]   Timeout rate: 0.000
[2025-07-22 15:14:36] [CURRICULUM UPDATE]   Current level: 3 (max reached: 3)
[2025-07-22 15:14:36] [CURRICULUM UPDATE]   Threshold for increase: >0.500 (NO DECREASE POLICY)
[2025-07-22 15:14:36] [CURRICULUM UPDATE] LEVEL UNCHANGED: 3 (success rate 0.000 <= threshold, no decrease allowed)
[2025-07-22 15:14:36] [CRITICAL FIX] Asset manager updated - changes will apply on next environment reset
[2025-07-22 15:14:36] [CAMERA UPDATE] Camera max angle updated for NEW episodes: ±0.0° (existing episodes unchanged)
[2025-07-22 15:14:36] Gate Navigation Curriculum Level: 3, Progress: 0.000
[2025-07-22 15:14:36] 
Success Rate: 0.000
Crash Rate: 1.000
Timeout Rate: 0.000
[2025-07-22 15:14:36] 
CURRICULUM APPLIED:
[2025-07-22 15:14:36]    1. OBSTACLES: 3 behind gate (total assets: 10 = 7 fixed + 3 curriculum)
[2025-07-22 15:14:36]    2. SPAWN: Using LMF2 config with ±0.5m lateral, ±45° orientation (no curriculum dependency)
[2025-07-22 15:14:36]    3. CAMERA ANGLE: ±0.0deg max range, env0: 0.0deg (fixed per episode)
[2025-07-22 15:14:36]    5. CAMERA NOISE: Gaussian STD=0.0000, Dropout=0.0% (both drone & static)
[2025-07-22 15:14:36] [CURRICULUM UPDATE] FINAL STATE:
[2025-07-22 15:14:36] [CURRICULUM UPDATE]   Level: 3 (range: 3-23)
[2025-07-22 15:14:36] [CURRICULUM UPDATE]   Max level reached: 3 (NO-DECREASE POLICY)
[2025-07-22 15:14:36] [CURRICULUM UPDATE]   Progress: 0.000
[2025-07-22 15:14:36] [CURRICULUM UPDATE]   Obstacles behind gate: 3 (total assets: 10 = 7 fixed + 3 curriculum)
[2025-07-22 15:14:36] [CURRICULUM UPDATE]   Asset manager: Updated both obs_dict and global_tensor_dict with count 10
[2025-07-22 15:14:36] [CURRICULUM UPDATE]   Spawn difficulty: LMF2 config with ±0.5m lateral, ±45° orientation (no curriculum dependency)
[2025-07-22 15:14:36] [CURRICULUM UPDATE]   Camera angle: ±0.0deg max range (randomized per episode reset, fixed during episode)
[2025-07-22 15:14:36] [CURRICULUM UPDATE] RESETTING counters for next evaluation period
[2025-07-22 15:15:20] [CURRICULUM UPDATE] EVALUATING curriculum after 128 instances:
[2025-07-22 15:15:20] [CURRICULUM UPDATE]   Success rate: 0.000
[2025-07-22 15:15:20] [CURRICULUM UPDATE]   Crash rate: 1.000
[2025-07-22 15:15:20] [CURRICULUM UPDATE]   Timeout rate: 0.000
[2025-07-22 15:15:20] [CURRICULUM UPDATE]   Current level: 3 (max reached: 3)
[2025-07-22 15:15:20] [CURRICULUM UPDATE]   Threshold for increase: >0.500 (NO DECREASE POLICY)
[2025-07-22 15:15:20] [CURRICULUM UPDATE] LEVEL UNCHANGED: 3 (success rate 0.000 <= threshold, no decrease allowed)
[2025-07-22 15:15:20] [CRITICAL FIX] Asset manager updated - changes will apply on next environment reset
[2025-07-22 15:15:20] [CAMERA UPDATE] Camera max angle updated for NEW episodes: ±0.0° (existing episodes unchanged)
[2025-07-22 15:15:20] Gate Navigation Curriculum Level: 3, Progress: 0.000
[2025-07-22 15:15:20] 
Success Rate: 0.000
Crash Rate: 1.000
Timeout Rate: 0.000
[2025-07-22 15:15:20] 
CURRICULUM APPLIED:
[2025-07-22 15:15:20]    1. OBSTACLES: 3 behind gate (total assets: 10 = 7 fixed + 3 curriculum)
[2025-07-22 15:15:20]    2. SPAWN: Using LMF2 config with ±0.5m lateral, ±45° orientation (no curriculum dependency)
[2025-07-22 15:15:20]    3. CAMERA ANGLE: ±0.0deg max range, env0: 0.0deg (fixed per episode)
[2025-07-22 15:15:20]    5. CAMERA NOISE: Gaussian STD=0.0000, Dropout=0.0% (both drone & static)
[2025-07-22 15:15:20] [CURRICULUM UPDATE] FINAL STATE:
[2025-07-22 15:15:20] [CURRICULUM UPDATE]   Level: 3 (range: 3-23)
[2025-07-22 15:15:20] [CURRICULUM UPDATE]   Max level reached: 3 (NO-DECREASE POLICY)
[2025-07-22 15:15:20] [CURRICULUM UPDATE]   Progress: 0.000
[2025-07-22 15:15:20] [CURRICULUM UPDATE]   Obstacles behind gate: 3 (total assets: 10 = 7 fixed + 3 curriculum)
[2025-07-22 15:15:20] [CURRICULUM UPDATE]   Asset manager: Updated both obs_dict and global_tensor_dict with count 10
[2025-07-22 15:15:20] [CURRICULUM UPDATE]   Spawn difficulty: LMF2 config with ±0.5m lateral, ±45° orientation (no curriculum dependency)
[2025-07-22 15:15:20] [CURRICULUM UPDATE]   Camera angle: ±0.0deg max range (randomized per episode reset, fixed during episode)
[2025-07-22 15:15:20] [CURRICULUM UPDATE] RESETTING counters for next evaluation period
[2025-07-22 15:16:10] [CURRICULUM UPDATE] EVALUATING curriculum after 128 instances:
[2025-07-22 15:16:10] [CURRICULUM UPDATE]   Success rate: 0.000
[2025-07-22 15:16:10] [CURRICULUM UPDATE]   Crash rate: 1.000
[2025-07-22 15:16:10] [CURRICULUM UPDATE]   Timeout rate: 0.000
[2025-07-22 15:16:10] [CURRICULUM UPDATE]   Current level: 3 (max reached: 3)
[2025-07-22 15:16:10] [CURRICULUM UPDATE]   Threshold for increase: >0.500 (NO DECREASE POLICY)
[2025-07-22 15:16:10] [CURRICULUM UPDATE] LEVEL UNCHANGED: 3 (success rate 0.000 <= threshold, no decrease allowed)
[2025-07-22 15:16:10] [CRITICAL FIX] Asset manager updated - changes will apply on next environment reset
[2025-07-22 15:16:10] [CAMERA UPDATE] Camera max angle updated for NEW episodes: ±0.0° (existing episodes unchanged)
[2025-07-22 15:16:10] Gate Navigation Curriculum Level: 3, Progress: 0.000
[2025-07-22 15:16:10] 
Success Rate: 0.000
Crash Rate: 1.000
Timeout Rate: 0.000
[2025-07-22 15:16:10] 
CURRICULUM APPLIED:
[2025-07-22 15:16:10]    1. OBSTACLES: 3 behind gate (total assets: 10 = 7 fixed + 3 curriculum)
[2025-07-22 15:16:10]    2. SPAWN: Using LMF2 config with ±0.5m lateral, ±45° orientation (no curriculum dependency)
[2025-07-22 15:16:10]    3. CAMERA ANGLE: ±0.0deg max range, env0: 0.0deg (fixed per episode)
[2025-07-22 15:16:10]    5. CAMERA NOISE: Gaussian STD=0.0000, Dropout=0.0% (both drone & static)
[2025-07-22 15:16:10] [CURRICULUM UPDATE] FINAL STATE:
[2025-07-22 15:16:10] [CURRICULUM UPDATE]   Level: 3 (range: 3-23)
[2025-07-22 15:16:10] [CURRICULUM UPDATE]   Max level reached: 3 (NO-DECREASE POLICY)
[2025-07-22 15:16:10] [CURRICULUM UPDATE]   Progress: 0.000
[2025-07-22 15:16:10] [CURRICULUM UPDATE]   Obstacles behind gate: 3 (total assets: 10 = 7 fixed + 3 curriculum)
[2025-07-22 15:16:10] [CURRICULUM UPDATE]   Asset manager: Updated both obs_dict and global_tensor_dict with count 10
[2025-07-22 15:16:10] [CURRICULUM UPDATE]   Spawn difficulty: LMF2 config with ±0.5m lateral, ±45° orientation (no curriculum dependency)
[2025-07-22 15:16:10] [CURRICULUM UPDATE]   Camera angle: ±0.0deg max range (randomized per episode reset, fixed during episode)
[2025-07-22 15:16:10] [CURRICULUM UPDATE] RESETTING counters for next evaluation period
[2025-07-22 15:17:01] [CURRICULUM UPDATE] EVALUATING curriculum after 128 instances:
[2025-07-22 15:17:01] [CURRICULUM UPDATE]   Success rate: 0.000
[2025-07-22 15:17:01] [CURRICULUM UPDATE]   Crash rate: 1.000
[2025-07-22 15:17:01] [CURRICULUM UPDATE]   Timeout rate: 0.000
[2025-07-22 15:17:01] [CURRICULUM UPDATE]   Current level: 3 (max reached: 3)
[2025-07-22 15:17:01] [CURRICULUM UPDATE]   Threshold for increase: >0.500 (NO DECREASE POLICY)
[2025-07-22 15:17:01] [CURRICULUM UPDATE] LEVEL UNCHANGED: 3 (success rate 0.000 <= threshold, no decrease allowed)
[2025-07-22 15:17:01] [CRITICAL FIX] Asset manager updated - changes will apply on next environment reset
[2025-07-22 15:17:01] [CAMERA UPDATE] Camera max angle updated for NEW episodes: ±0.0° (existing episodes unchanged)
[2025-07-22 15:17:01] Gate Navigation Curriculum Level: 3, Progress: 0.000
[2025-07-22 15:17:01] 
Success Rate: 0.000
Crash Rate: 1.000
Timeout Rate: 0.000
[2025-07-22 15:17:01] 
CURRICULUM APPLIED:
[2025-07-22 15:17:01]    1. OBSTACLES: 3 behind gate (total assets: 10 = 7 fixed + 3 curriculum)
[2025-07-22 15:17:01]    2. SPAWN: Using LMF2 config with ±0.5m lateral, ±45° orientation (no curriculum dependency)
[2025-07-22 15:17:01]    3. CAMERA ANGLE: ±0.0deg max range, env0: 0.0deg (fixed per episode)
[2025-07-22 15:17:01]    5. CAMERA NOISE: Gaussian STD=0.0000, Dropout=0.0% (both drone & static)
[2025-07-22 15:17:01] [CURRICULUM UPDATE] FINAL STATE:
[2025-07-22 15:17:01] [CURRICULUM UPDATE]   Level: 3 (range: 3-23)
[2025-07-22 15:17:01] [CURRICULUM UPDATE]   Max level reached: 3 (NO-DECREASE POLICY)
[2025-07-22 15:17:01] [CURRICULUM UPDATE]   Progress: 0.000
[2025-07-22 15:17:01] [CURRICULUM UPDATE]   Obstacles behind gate: 3 (total assets: 10 = 7 fixed + 3 curriculum)
[2025-07-22 15:17:01] [CURRICULUM UPDATE]   Asset manager: Updated both obs_dict and global_tensor_dict with count 10
[2025-07-22 15:17:01] [CURRICULUM UPDATE]   Spawn difficulty: LMF2 config with ±0.5m lateral, ±45° orientation (no curriculum dependency)
[2025-07-22 15:17:01] [CURRICULUM UPDATE]   Camera angle: ±0.0deg max range (randomized per episode reset, fixed during episode)
[2025-07-22 15:17:01] [CURRICULUM UPDATE] RESETTING counters for next evaluation period
[2025-07-22 15:17:52] [CURRICULUM UPDATE] EVALUATING curriculum after 128 instances:
[2025-07-22 15:17:52] [CURRICULUM UPDATE]   Success rate: 0.000
[2025-07-22 15:17:52] [CURRICULUM UPDATE]   Crash rate: 1.000
[2025-07-22 15:17:52] [CURRICULUM UPDATE]   Timeout rate: 0.000
[2025-07-22 15:17:52] [CURRICULUM UPDATE]   Current level: 3 (max reached: 3)
[2025-07-22 15:17:52] [CURRICULUM UPDATE]   Threshold for increase: >0.500 (NO DECREASE POLICY)
[2025-07-22 15:17:52] [CURRICULUM UPDATE] LEVEL UNCHANGED: 3 (success rate 0.000 <= threshold, no decrease allowed)
[2025-07-22 15:17:52] [CRITICAL FIX] Asset manager updated - changes will apply on next environment reset
[2025-07-22 15:17:52] [CAMERA UPDATE] Camera max angle updated for NEW episodes: ±0.0° (existing episodes unchanged)
[2025-07-22 15:17:52] Gate Navigation Curriculum Level: 3, Progress: 0.000
[2025-07-22 15:17:52] 
Success Rate: 0.000
Crash Rate: 1.000
Timeout Rate: 0.000
[2025-07-22 15:17:52] 
CURRICULUM APPLIED:
[2025-07-22 15:17:52]    1. OBSTACLES: 3 behind gate (total assets: 10 = 7 fixed + 3 curriculum)
[2025-07-22 15:17:52]    2. SPAWN: Using LMF2 config with ±0.5m lateral, ±45° orientation (no curriculum dependency)
[2025-07-22 15:17:52]    3. CAMERA ANGLE: ±0.0deg max range, env0: 0.0deg (fixed per episode)
[2025-07-22 15:17:52]    5. CAMERA NOISE: Gaussian STD=0.0000, Dropout=0.0% (both drone & static)
[2025-07-22 15:17:52] [CURRICULUM UPDATE] FINAL STATE:
[2025-07-22 15:17:52] [CURRICULUM UPDATE]   Level: 3 (range: 3-23)
[2025-07-22 15:17:52] [CURRICULUM UPDATE]   Max level reached: 3 (NO-DECREASE POLICY)
[2025-07-22 15:17:52] [CURRICULUM UPDATE]   Progress: 0.000
[2025-07-22 15:17:52] [CURRICULUM UPDATE]   Obstacles behind gate: 3 (total assets: 10 = 7 fixed + 3 curriculum)
[2025-07-22 15:17:52] [CURRICULUM UPDATE]   Asset manager: Updated both obs_dict and global_tensor_dict with count 10
[2025-07-22 15:17:52] [CURRICULUM UPDATE]   Spawn difficulty: LMF2 config with ±0.5m lateral, ±45° orientation (no curriculum dependency)
[2025-07-22 15:17:52] [CURRICULUM UPDATE]   Camera angle: ±0.0deg max range (randomized per episode reset, fixed during episode)
[2025-07-22 15:17:52] [CURRICULUM UPDATE] RESETTING counters for next evaluation period
