=== CURRICULUM LOGGING STARTED ===
Timestamp: 20250712_000018
Log file: ./train_dir/curriculum_gate_navigation_20250712_000018.log
[2025-07-12 00:00:18] [INIT] Multi-aspect curriculum initialized at level 3
[2025-07-12 00:00:52] [CURRICULUM UPDATE] EVALUATING curriculum after 129 instances:
[2025-07-12 00:00:52] [CURRICULUM UPDATE]   Success rate: 0.000
[2025-07-12 00:00:52] [CURRICULUM UPDATE]   Crash rate: 1.000
[2025-07-12 00:00:52] [CURRICULUM UPDATE]   Timeout rate: 0.000
[2025-07-12 00:00:52] [CURRICULUM UPDATE]   Current level: 3 (max reached: 3)
[2025-07-12 00:00:52] [CURRICULUM UPDATE]   Threshold for increase: >0.000 (NO DECREASE POLICY)
[2025-07-12 00:00:52] [CURRICULUM UPDATE] LEVEL UNCHANGED: 3 (success rate 0.000 <= threshold, no decrease allowed)
[2025-07-12 00:00:52] [CRITICAL FIX] Asset manager updated - changes will apply on next environment reset
[2025-07-12 00:00:52] [CAMERA UPDATE] Camera max angle updated for NEW episodes: ±0.0° (existing episodes unchanged)
[2025-07-12 00:00:52] Gate Navigation Curriculum Level: 3, Progress: 0.000
[2025-07-12 00:00:52] 
Success Rate: 0.000
Crash Rate: 1.000
Timeout Rate: 0.000
[2025-07-12 00:00:52] 
CURRICULUM APPLIED:
[2025-07-12 00:00:52]    1. OBSTACLES: 3 behind gate (total assets: 10 = 7 fixed + 3 curriculum)
[2025-07-12 00:00:52]    2. SPAWN: Using LMF2 config with ±0.5m lateral, ±45° orientation (no curriculum dependency)
[2025-07-12 00:00:52]    3. CAMERA ANGLE: ±0.0deg max range, env0: 0.0deg (fixed per episode)
[2025-07-12 00:00:52]    5. CAMERA NOISE: Gaussian STD=0.0000, Dropout=0.0% (both drone & static)
[2025-07-12 00:00:52] [CURRICULUM UPDATE] FINAL STATE:
[2025-07-12 00:00:52] [CURRICULUM UPDATE]   Level: 3 (range: 3-23)
[2025-07-12 00:00:52] [CURRICULUM UPDATE]   Max level reached: 3 (NO-DECREASE POLICY)
[2025-07-12 00:00:52] [CURRICULUM UPDATE]   Progress: 0.000
[2025-07-12 00:00:52] [CURRICULUM UPDATE]   Obstacles behind gate: 3 (total assets: 10 = 7 fixed + 3 curriculum)
[2025-07-12 00:00:52] [CURRICULUM UPDATE]   Asset manager: Updated both obs_dict and global_tensor_dict with count 10
[2025-07-12 00:00:52] [CURRICULUM UPDATE]   Spawn difficulty: LMF2 config with ±0.5m lateral, ±45° orientation (no curriculum dependency)
[2025-07-12 00:00:52] [CURRICULUM UPDATE]   Camera angle: ±0.0deg max range (randomized per episode reset, fixed during episode)
[2025-07-12 00:00:52] [CURRICULUM UPDATE] RESETTING counters for next evaluation period
